// Jest Snapshot v1, https://goo.gl/fbAQLP

exports[`<App /> should match snapshot 1`] = `
<div>
  <Menu>
    <Connect(Link)
      to="section1"
    >
      Section 1
    </Connect(Link)>
    <br />
    <Connect(Link)
      to="section2"
    >
      Section 2
    </Connect(Link)>
    <br />
    <Connect(Link)
      to="section3"
    >
      Section 3
    </Connect(Link)>
    <br />
    <Connect(Link)
      to="section4"
    >
      Section 4
    </Connect(Link)>
    <br />
    <Connect(Link)
      to="section5"
    >
      Section 5
    </Connect(Link)>
  </Menu>
  <Section
    id="section1"
    style={
      Object {
        "backgroundColor": "#96ceb4",
      }
    }
  >
    <h1>
      Section 1
    </h1>
  </Section>
  <Section
    id="section2"
    style={
      Object {
        "backgroundColor": "#ffeead",
      }
    }
  >
    <h1>
      Section 2
    </h1>
  </Section>
  <Section
    id="section3"
    style={
      Object {
        "backgroundColor": "#ff6f69",
      }
    }
  >
    <h1>
      Section 3
    </h1>
  </Section>
  <Section
    id="section4"
    style={
      Object {
        "backgroundColor": "#ffcc5c",
      }
    }
  >
    <h1>
      Section 4
    </h1>
  </Section>
  <Section
    id="section5"
    style={
      Object {
        "backgroundColor": "#88d8b0",
      }
    }
  >
    <h1>
      Section 5
    </h1>
  </Section>
</div>
`;
